// Jest Snapshot v1, https://goo.gl/fbAQLP

exports[`MenuItem component testing MenuItem Snapshot testing 1`] = `
<MenuItemContainer
  onClick={[Function]}
  size="large"
>
  <BackgroundImageContainer
    className="background-image"
    imageUrl="testImage"
  />
  <styled.div
    className="content"
  >
    <TitleContainer>
      TESTING
    </TitleContainer>
    <styled.span>
      SHOP NOW
    </styled.span>
  </styled.div>
</MenuItemContainer>
`;
